exports[`GameBoard should render the GameBoard 1`] = `
ShallowWrapper {
  "complexSelector": ComplexSelector {
    "buildPredicate": [Function],
    "childrenOfNode": [Function],
    "findWhereUnwrapped": [Function],
  },
  "length": 1,
  "node": <div
    className="game-board">
    <GameButton
        index={0}
        label="E"
        onClickButton={[Function]} />
    <GameButton
        index={1}
        label="E"
        onClickButton={[Function]} />
    <GameButton
        index={2}
        label="E"
        onClickButton={[Function]} />
    <GameButton
        index={3}
        label="E"
        onClickButton={[Function]} />
    <GameButton
        index={4}
        label="E"
        onClickButton={[Function]} />
    <GameButton
        index={5}
        label="E"
        onClickButton={[Function]} />
    <GameButton
        index={6}
        label="E"
        onClickButton={[Function]} />
    <GameButton
        index={7}
        label="E"
        onClickButton={[Function]} />
    <GameButton
        index={8}
        label="E"
        onClickButton={[Function]} />
</div>,
  "nodes": Array [
    <div
      className="game-board">
      <GameButton
            index={0}
            label="E"
            onClickButton={[Function]} />
      <GameButton
            index={1}
            label="E"
            onClickButton={[Function]} />
      <GameButton
            index={2}
            label="E"
            onClickButton={[Function]} />
      <GameButton
            index={3}
            label="E"
            onClickButton={[Function]} />
      <GameButton
            index={4}
            label="E"
            onClickButton={[Function]} />
      <GameButton
            index={5}
            label="E"
            onClickButton={[Function]} />
      <GameButton
            index={6}
            label="E"
            onClickButton={[Function]} />
      <GameButton
            index={7}
            label="E"
            onClickButton={[Function]} />
      <GameButton
            index={8}
            label="E"
            onClickButton={[Function]} />
</div>,
  ],
  "options": Object {},
  "renderer": ReactShallowRenderer {
    "_instance": ShallowComponentWrapper {
      "_calledComponentWillUnmount": false,
      "_compositeType": 0,
      "_context": Object {},
      "_currentElement": <GameBoard
        board={
                Array [
                        "E",
                        "E",
                        "E",
                        "E",
                        "E",
                        "E",
                        "E",
                        "E",
                        "E",
                      ]
        }
        onClickButton={[Function]} />,
      "_debugID": 1,
      "_hostContainerInfo": null,
      "_hostParent": null,
      "_instance": GameBoard {
        "_reactInternalInstance": [Circular],
        "context": Object {},
        "props": Object {
          "board": Array [
            "E",
            "E",
            "E",
            "E",
            "E",
            "E",
            "E",
            "E",
            "E",
          ],
          "onClickButton": [Function],
        },
        "refs": Object {},
        "state": null,
        "updater": Object {
          "enqueueCallback": [Function],
          "enqueueCallbackInternal": [Function],
          "enqueueElementInternal": [Function],
          "enqueueForceUpdate": [Function],
          "enqueueReplaceState": [Function],
          "enqueueSetState": [Function],
          "isMounted": [Function],
          "validateCallback": [Function],
        },
      },
      "_mountOrder": 1,
      "_pendingCallbacks": null,
      "_pendingElement": null,
      "_pendingForceUpdate": false,
      "_pendingReplaceState": false,
      "_pendingStateQueue": null,
      "_renderedComponent": NoopInternalComponent {
        "_currentElement": <div
          className="game-board">
          <GameButton
                    index={0}
                    label="E"
                    onClickButton={[Function]} />
          <GameButton
                    index={1}
                    label="E"
                    onClickButton={[Function]} />
          <GameButton
                    index={2}
                    label="E"
                    onClickButton={[Function]} />
          <GameButton
                    index={3}
                    label="E"
                    onClickButton={[Function]} />
          <GameButton
                    index={4}
                    label="E"
                    onClickButton={[Function]} />
          <GameButton
                    index={5}
                    label="E"
                    onClickButton={[Function]} />
          <GameButton
                    index={6}
                    label="E"
                    onClickButton={[Function]} />
          <GameButton
                    index={7}
                    label="E"
                    onClickButton={[Function]} />
          <GameButton
                    index={8}
                    label="E"
                    onClickButton={[Function]} />
</div>,
        "_debugID": 2,
        "_renderedOutput": <div
          className="game-board">
          <GameButton
                    index={0}
                    label="E"
                    onClickButton={[Function]} />
          <GameButton
                    index={1}
                    label="E"
                    onClickButton={[Function]} />
          <GameButton
                    index={2}
                    label="E"
                    onClickButton={[Function]} />
          <GameButton
                    index={3}
                    label="E"
                    onClickButton={[Function]} />
          <GameButton
                    index={4}
                    label="E"
                    onClickButton={[Function]} />
          <GameButton
                    index={5}
                    label="E"
                    onClickButton={[Function]} />
          <GameButton
                    index={6}
                    label="E"
                    onClickButton={[Function]} />
          <GameButton
                    index={7}
                    label="E"
                    onClickButton={[Function]} />
          <GameButton
                    index={8}
                    label="E"
                    onClickButton={[Function]} />
</div>,
      },
      "_renderedNodeType": 0,
      "_rootNodeID": 0,
      "_topLevelWrapper": null,
      "_updateBatchNumber": null,
      "_warnedAboutRefsInRender": false,
    },
    "getRenderOutput": [Function],
    "render": [Function],
  },
  "root": [Circular],
  "unrendered": <GameBoard
    board={
        Array [
            "E",
            "E",
            "E",
            "E",
            "E",
            "E",
            "E",
            "E",
            "E",
          ]
    }
    onClickButton={[Function]} />,
}
`;
