exports[`Leaderboard render the Leaderboard 1`] = `
ShallowWrapper {
  "complexSelector": ComplexSelector {
    "buildPredicate": [Function],
    "childrenOfNode": [Function],
    "findWhereUnwrapped": [Function],
  },
  "length": 1,
  "node": <div
    className="leaderboard">
    <h4
        className="title">
        Leaderboard
    </h4>
    <table
        cellPadding="0"
        cellSpacing="0">
        <thead>
            <tr
                className="heading">
                <th
                    className="name"
                    colSpan="2">
                    Name
                </th>
                <th
                    className="wins">
                    Wins
                </th>
                <th
                    className="defeats">
                    Defeats
                </th>
                <th
                    className="draws">
                    Draws
                </th>
            </tr>
        </thead>
        <tbody />
    </table>
</div>,
  "nodes": Array [
    <div
      className="leaderboard">
      <h4
            className="title">
            Leaderboard
      </h4>
      <table
            cellPadding="0"
            cellSpacing="0">
            <thead>
                  <tr
                        className="heading">
                        <th
                              className="name"
                              colSpan="2">
                              Name
                        </th>
                        <th
                              className="wins">
                              Wins
                        </th>
                        <th
                              className="defeats">
                              Defeats
                        </th>
                        <th
                              className="draws">
                              Draws
                        </th>
                  </tr>
            </thead>
            <tbody />
      </table>
</div>,
  ],
  "options": Object {},
  "renderer": ReactShallowRenderer {
    "_instance": ShallowComponentWrapper {
      "_calledComponentWillUnmount": false,
      "_compositeType": 0,
      "_context": Object {},
      "_currentElement": <Leaderboard />,
      "_debugID": 1,
      "_hostContainerInfo": null,
      "_hostParent": null,
      "_instance": Leaderboard {
        "_reactInternalInstance": [Circular],
        "context": Object {},
        "props": Object {},
        "refs": Object {},
        "state": null,
        "updater": Object {
          "enqueueCallback": [Function],
          "enqueueCallbackInternal": [Function],
          "enqueueElementInternal": [Function],
          "enqueueForceUpdate": [Function],
          "enqueueReplaceState": [Function],
          "enqueueSetState": [Function],
          "isMounted": [Function],
          "validateCallback": [Function],
        },
      },
      "_mountOrder": 1,
      "_pendingCallbacks": null,
      "_pendingElement": null,
      "_pendingForceUpdate": false,
      "_pendingReplaceState": false,
      "_pendingStateQueue": null,
      "_renderedComponent": NoopInternalComponent {
        "_currentElement": <div
          className="leaderboard">
          <h4
                    className="title">
                    Leaderboard
          </h4>
          <table
                    cellPadding="0"
                    cellSpacing="0">
                    <thead>
                              <tr
                                        className="heading">
                                        <th
                                                  className="name"
                                                  colSpan="2">
                                                  Name
                                        </th>
                                        <th
                                                  className="wins">
                                                  Wins
                                        </th>
                                        <th
                                                  className="defeats">
                                                  Defeats
                                        </th>
                                        <th
                                                  className="draws">
                                                  Draws
                                        </th>
                              </tr>
                    </thead>
                    <tbody />
          </table>
</div>,
        "_debugID": 2,
        "_renderedOutput": <div
          className="leaderboard">
          <h4
                    className="title">
                    Leaderboard
          </h4>
          <table
                    cellPadding="0"
                    cellSpacing="0">
                    <thead>
                              <tr
                                        className="heading">
                                        <th
                                                  className="name"
                                                  colSpan="2">
                                                  Name
                                        </th>
                                        <th
                                                  className="wins">
                                                  Wins
                                        </th>
                                        <th
                                                  className="defeats">
                                                  Defeats
                                        </th>
                                        <th
                                                  className="draws">
                                                  Draws
                                        </th>
                              </tr>
                    </thead>
                    <tbody />
          </table>
</div>,
      },
      "_renderedNodeType": 0,
      "_rootNodeID": 0,
      "_topLevelWrapper": null,
      "_updateBatchNumber": null,
      "_warnedAboutRefsInRender": false,
    },
    "getRenderOutput": [Function],
    "render": [Function],
  },
  "root": [Circular],
  "unrendered": <Leaderboard />,
}
`;
